   Woah! You appear to be trying to run flutter as root.
   We strongly recommend running the flutter tool without superuser privileges.
  /
📎
Running Gradle task 'assembleRelease'...                        
Picked up JAVA_TOOL_OPTIONS: -Djava.net.preferIPv4Stack=true
WARNING: Your app uses the following plugins that apply Kotlin Gradle Plugin (KGP): wireguard_flutter
Future versions of Flutter will fail to build if your app uses plugins that apply KGP.

Please check the changelogs of these plugins and upgrade to a version that supports Built-in Kotlin.
If no such version exists, report the issue to the plugin. If necessary, here is a guide on filing
an issue against a plugin: https://docs.flutter.dev/release/breaking-changes/migrate-to-built-in-kotlin/for-app-developers#report-incompatible-kotlin-gradle-plugin-usage-to-plugin-authors

If you are a plugin author, please migrate your plugin to Built-in Kotlin using this guide: https://docs.flutter.dev/release/breaking-changes/migrate-to-built-in-kotlin/for-plugin-authors
   Woah! You appear to be trying to run flutter as root.
   We strongly recommend running the flutter tool without superuser privileges.
  /
????
[=========                              ] 25%                                   
Font asset "MaterialIcons-Regular.otf" was tree-shaken, reducing it from 1645184 to 3156 bytes (99.8% reduction). Tree-shaking can be disabled by providing the --no-tree-shake-icons flag when building your app.
Running Gradle task 'assembleRelease'...                          288.6s
✓ Built build/app/outputs/flutter-apk/app-release.apk (37.9MB)
EXIT:0
