Picked up JAVA_TOOL_OPTIONS: -Djava.net.preferIPv4Stack=true
> Task :gradle:checkKotlinGradlePluginConfigurationErrors SKIPPED
> Task :gradle:pluginDescriptors
> Task :gradle:processResources
> Task :gradle:compileKotlin
w: file:///home/hatch/sdks/flutter/packages/flutter_tools/gradle/src/main/kotlin/Deeplink.kt:13:5 This annotation is currently applied to the value parameter only, but in the future it will also be applied to property.
- To opt in to applying to both value parameter and property, add '-Xannotation-default-target=param-property' to your compiler arguments.
- To keep applying to the value parameter only, use the '@param:' annotation target.

See https://youtrack.jetbrains.com/issue/KT-73255 for more details.
w: file:///home/hatch/sdks/flutter/packages/flutter_tools/gradle/src/main/kotlin/Deeplink.kt:15:5 This annotation is currently applied to the value parameter only, but in the future it will also be applied to property.
- To opt in to applying to both value parameter and property, add '-Xannotation-default-target=param-property' to your compiler arguments.
- To keep applying to the value parameter only, use the '@param:' annotation target.

See https://youtrack.jetbrains.com/issue/KT-73255 for more details.
w: file:///home/hatch/sdks/flutter/packages/flutter_tools/gradle/src/main/kotlin/Deeplink.kt:17:5 This annotation is currently applied to the value parameter only, but in the future it will also be applied to property.
- To opt in to applying to both value parameter and property, add '-Xannotation-default-target=param-property' to your compiler arguments.
- To keep applying to the value parameter only, use the '@param:' annotation target.

See https://youtrack.jetbrains.com/issue/KT-73255 for more details.
w: file:///home/hatch/sdks/flutter/packages/flutter_tools/gradle/src/main/kotlin/Deeplink.kt:19:5 This annotation is currently applied to the value parameter only, but in the future it will also be applied to property.
- To opt in to applying to both value parameter and property, add '-Xannotation-default-target=param-property' to your compiler arguments.
- To keep applying to the value parameter only, use the '@param:' annotation target.

See https://youtrack.jetbrains.com/issue/KT-73255 for more details.
w: file:///home/hatch/sdks/flutter/packages/flutter_tools/gradle/src/main/kotlin/FlutterPlugin.kt:12:8 'interface ApkVariant : Any, BaseVariant, InstallableVariant, AndroidArtifactVariant, InternalBaseVariant' is deprecated. Deprecated in Java.
w: file:///home/hatch/sdks/flutter/packages/flutter_tools/gradle/src/main/kotlin/FlutterPlugin.kt:664:69 'interface ApkVariant : Any, BaseVariant, InstallableVariant, AndroidArtifactVariant, InternalBaseVariant' is deprecated. Deprecated in Java.
w: file:///home/hatch/sdks/flutter/packages/flutter_tools/gradle/src/main/kotlin/FlutterPluginUtils.kt:766:29 Condition is always 'true'.
w: file:///home/hatch/sdks/flutter/packages/flutter_tools/gradle/src/main/kotlin/plugins/PluginHandler.kt:168:70 Unchecked cast of 'NamedDomainObjectContainer<out BuildType>' to 'NamedDomainObjectContainer<BuildType>'.
w: file:///home/hatch/sdks/flutter/packages/flutter_tools/gradle/src/main/kotlin/plugins/PluginHandler.kt:169:75 Unchecked cast of 'NamedDomainObjectContainer<out BuildType>' to 'NamedDomainObjectContainer<BuildType>'.

> Task :gradle:compileJava NO-SOURCE
> Task :gradle:compileGroovy NO-SOURCE
> Task :gradle:classes
> Task :gradle:jar

> Configure project :app
WARNING: The option setting 'android.builtInKotlin=false' is deprecated.
The current default is 'true'.
It will be removed in version 10.0 of the Android Gradle plugin.
WARNING: The option setting 'android.newDsl=false' is deprecated.
The current default is 'true'.
It will be removed in version 10.0 of the Android Gradle plugin.
w: ?? Deprecated 'org.jetbrains.kotlin.android' plugin usage
The 'org.jetbrains.kotlin.android' plugin in project ':app' is no longer required for Kotlin support since AGP 9.0.
Solution: Remove both `android.builtInKotlin=true` and `android.newDsl=false` from `gradle.properties`, then migrate to built-in Kotlin.
See https://kotl.in/gradle/agp-built-in-kotlin for more details.


> Configure project :jni
w: ?? Deprecated 'org.jetbrains.kotlin.android' plugin usage
The 'org.jetbrains.kotlin.android' plugin in project ':jni' is no longer required for Kotlin support since AGP 9.0.
Solution: Remove both `android.builtInKotlin=true` and `android.newDsl=false` from `gradle.properties`, then migrate to built-in Kotlin.
See https://kotl.in/gradle/agp-built-in-kotlin for more details.


> Configure project :jni_flutter
w: ?? Deprecated 'org.jetbrains.kotlin.android' plugin usage
The 'org.jetbrains.kotlin.android' plugin in project ':jni_flutter' is no longer required for Kotlin support since AGP 9.0.
Solution: Remove both `android.builtInKotlin=true` and `android.newDsl=false` from `gradle.properties`, then migrate to built-in Kotlin.
See https://kotl.in/gradle/agp-built-in-kotlin for more details.


> Configure project :shared_preferences_android
w: ?? Deprecated 'org.jetbrains.kotlin.android' plugin usage
The 'org.jetbrains.kotlin.android' plugin in project ':shared_preferences_android' is no longer required for Kotlin support since AGP 9.0.
Solution: Remove both `android.builtInKotlin=true` and `android.newDsl=false` from `gradle.properties`, then migrate to built-in Kotlin.
See https://kotl.in/gradle/agp-built-in-kotlin for more details.


> Configure project :wireguard_flutter
w: ?? Deprecated 'org.jetbrains.kotlin.android' plugin usage
The 'org.jetbrains.kotlin.android' plugin in project ':wireguard_flutter' is no longer required for Kotlin support since AGP 9.0.
Solution: Remove both `android.builtInKotlin=true` and `android.newDsl=false` from `gradle.properties`, then migrate to built-in Kotlin.
See https://kotl.in/gradle/agp-built-in-kotlin for more details.

WARNING: Your app uses the following plugins that apply Kotlin Gradle Plugin (KGP): wireguard_flutter
Future versions of Flutter will fail to build if your app uses plugins that apply KGP.

Please check the changelogs of these plugins and upgrade to a version that supports Built-in Kotlin.
If no such version exists, report the issue to the plugin. If necessary, here is a guide on filing
an issue against a plugin: https://docs.flutter.dev/release/breaking-changes/migrate-to-built-in-kotlin/for-app-developers#report-incompatible-kotlin-gradle-plugin-usage-to-plugin-authors

If you are a plugin author, please migrate your plugin to Built-in Kotlin using this guide: https://docs.flutter.dev/release/breaking-changes/migrate-to-built-in-kotlin/for-plugin-authors

> Task :wireguard_flutter:checkKotlinGradlePluginConfigurationErrors SKIPPED
> Task :wireguard_flutter:preBuild UP-TO-DATE
> Task :wireguard_flutter:preDebugBuild UP-TO-DATE
> Task :wireguard_flutter:generateDebugResources
> Task :wireguard_flutter:packageDebugResources
> Task :wireguard_flutter:processDebugNavigationResources
> Task :wireguard_flutter:parseDebugLocalResources
> Task :wireguard_flutter:generateDebugRFile
> Task :wireguard_flutter:compileDebugKotlin

[Incubating] Problems report is available at: file:///home/hatch/workspace/ipchakra/app/build/reports/problems/problems-report.html

Deprecated Gradle features were used in this build, making it incompatible with Gradle 10.

You can use '--warning-mode all' to show the individual deprecation warnings and determine if they come from your own scripts or plugins.

For more on this, please refer to https://docs.gradle.org/9.3.1/userguide/command_line_interface.html#sec:command_line_warnings in the Gradle documentation.

BUILD SUCCESSFUL in 49s
10 actionable tasks: 10 executed
Consider enabling configuration cache to speed up this build: https://docs.gradle.org/9.3.1/userguide/configuration_cache_enabling.html
EXIT:0
